---
source: crates/cmajor-lang/src/parser/parser.rs
expression: "parse_stmt(\"graph Wrapper (processor Parameterised, int x) { output stream int out; }\")"
---
GraphDecl "Wrapper"
  SpecialisationParam processor "Parameterised"
  SpecialisationParam value "x"
    TypeName "int"
  EndpointGroup output stream
    EndpointDecl "out"
      TypeName "int"
