---
source: crates/cmajor-lang/src/parser/parser.rs
expression: "parse_stmt(\"void f(const int& a, const float32[10]& b) { }\")"
---
FunctionDecl "f"
  TypeName "void"
  Param &"a"
    ConstType
      TypeName "int"
  Param &"b"
    ConstType
      Array
        TypeName "float32"
        10
  Block
