---
source: crates/cmajor-lang/src/parser/parser.rs
expression: "parse_stmt(\"processor SquareWave (int length) { output stream int out; }\")"
---
ProcessorDecl "SquareWave"
  SpecialisationParam value "length"
    TypeName "int"
  EndpointGroup output stream
    EndpointDecl "out"
      TypeName "int"
